Component: ARM Compiler 5.06 update 4 (build 422) Tool: armlink [4d35d2]

==============================================================================

Section Cross References

    all_init.o(i.ABS_FLOAT) refers to cfcmple.o(.text) for __aeabi_cfcmple
    all_init.o(i.Global_Init) refers to seekfree_ips114_spi.o(i.ips114_init) for ips114_init
    all_init.o(i.Global_Init) refers to seekfree_ips114_spi.o(i.ips114_showstr) for ips114_showstr
    all_init.o(i.Global_Init) refers to seekfree_mt9v03x.o(i.mt9v03x_init) for mt9v03x_init
    all_init.o(i.Global_Init) refers to cam.o(i.ImageProcessingStatusInit) for ImageProcessingStatusInit
    all_init.o(i.Global_Init) refers to pid.o(i.PID_Init) for PID_Init
    all_init.o(i.Global_Init) refers to control.o(i.CarSystem_Init) for CarSystem_Init
    all_init.o(i.Global_Init) refers to devices.o(i.Decices_Init) for Decices_Init
    all_init.o(i.Global_Init) refers to seekfree_icm20602.o(i.icm20602_init_spi) for icm20602_init_spi
    all_init.o(i.Global_Init) refers to seekfree_icm20602.o(i.ICM20602_Offset) for ICM20602_Offset
    all_init.o(i.Global_Init) refers to myflash.o(i.FlashParamsRead) for FlashParamsRead
    all_init.o(i.Global_Init) refers to seekfree_7725.o(i.ov7725_simiic_write_reg) for ov7725_simiic_write_reg
    all_init.o(i.Global_Init) refers to seekfree_ips114_spi.o(i.ips114_clear) for ips114_clear
    all_init.o(i.Global_Init) refers to all_init.o(i.delay_ms) for delay_ms
    all_init.o(i.Global_Init) refers to elc.o(i.Inductor_Read) for Inductor_Read
    all_init.o(i.Global_Init) refers to elc.o(i.ELC_Normalized) for ELC_Normalized
    all_init.o(i.Global_Init) refers to elc.o(i.ELC_Judge) for ELC_Judge
    all_init.o(i.Global_Init) refers to elc.o(i.ELC_Center_Calculate) for ELC_Center_Calculate
    all_init.o(i.Global_Init) refers to seekfree_7725.o(i.CameraExtract0) for CameraExtract0
    all_init.o(i.Global_Init) refers to seekfree_ips114_spi.o(i.ips114_displayimage032) for ips114_displayimage032
    all_init.o(i.Global_Init) refers to control.o(i.Center_Cal) for Center_Cal
    all_init.o(i.Global_Init) refers to cam.o(i.GetBorder) for GetBorder
    all_init.o(i.Global_Init) refers to display.o(i.ShowExBorder) for ShowExBorder
    all_init.o(i.Global_Init) refers to zf_gpio.o(i.gpio_set) for gpio_set
    all_init.o(i.Global_Init) refers to zf_pit.o(i.tim_interrupt_init_us) for tim_interrupt_init_us
    all_init.o(i.Global_Init) refers to seekfree_7725.o(.data) for ov7725_threshold
    all_init.o(i.Global_Init) refers to seekfree_mt9v03x.o(.data) for mt9v03x_finish_flag
    all_init.o(i.Global_Init) refers to lq_camera.o(.bss) for Bin_Image
    all_init.o(i.Global_Init) refers to cam.o(.bss) for Base
    all_init.o(i.Global_Init) refers to control.o(.data) for point_center
    all_init.o(i.Global_Init) refers to seekfree_ips114_spi.o(.data) for IPS114_PENCOLOR
    all_init.o(i.delay_ms) refers to thread.o(i.rt_thread_mdelay) for rt_thread_mdelay
    all_init.o(i.delay_us) refers to uldiv.o(.text) for __aeabi_uldivmod
    all_init.o(i.delay_us) refers to zf_systick.o(i.systick_delay) for systick_delay
    all_init.o(i.delay_us) refers to system_mm32f327x.o(.data) for SystemCoreClock
    all_init.o(i.range_protect_float) refers to cfrcmple.o(.text) for __aeabi_cfrcmple
    all_init.o(i.range_protect_float) refers to cfcmple.o(.text) for __aeabi_cfcmple
    devices.o(i.BeepInt) refers to zf_gpio.o(i.gpio_toggle) for gpio_toggle
    devices.o(i.BeepInt) refers to devices.o(.bss) for Beep
    devices.o(i.Beep_DiDi) refers to zf_gpio.o(i.gpio_set) for gpio_set
    devices.o(i.Beep_DiDi) refers to devices.o(.bss) for Beep
    devices.o(i.Decices_Init) refers to zf_tim.o(i.tim_counter_init) for tim_counter_init
    devices.o(i.Decices_Init) refers to zf_gpio.o(i.gpio_init) for gpio_init
    devices.o(i.Decices_Init) refers to zf_pwm.o(i.pwm_init) for pwm_init
    devices.o(i.Decices_Init) refers to zf_adc.o(i.adc_init) for adc_init
    devices.o(i.Decices_Init) refers to devices.o(.data) for pwm_l
    devices.o(i.Encoder_Read) refers to zf_tim.o(i.tim_encoder_get_count) for tim_encoder_get_count
    devices.o(i.Encoder_Read) refers to zf_tim.o(i.tim_counter_rst) for tim_counter_rst
    devices.o(i.Encoder_Read) refers to zf_gpio.o(i.gpio_get) for gpio_get
    devices.o(i.Encoder_Read) refers to fflti.o(.text) for __aeabi_i2f
    devices.o(i.Encoder_Read) refers to f2d.o(.text) for __aeabi_f2d
    devices.o(i.Encoder_Read) refers to dmul.o(.text) for __aeabi_dmul
    devices.o(i.Encoder_Read) refers to d2f.o(.text) for __aeabi_d2f
    devices.o(i.Encoder_Read) refers to fadd.o(.text) for __aeabi_fsub
    devices.o(i.Encoder_Read) refers to all_init.o(i.ABS_FLOAT) for ABS_FLOAT
    devices.o(i.Encoder_Read) refers to cfrcmple.o(.text) for __aeabi_cfrcmple
    devices.o(i.Encoder_Read) refers to dadd.o(.text) for __aeabi_dadd
    devices.o(i.Encoder_Read) refers to all_init.o(i.range_protect_float) for range_protect_float
[...]
    version                                  0x0801040d   Thumb Code    10  cmd.o(i.version)
    zf_sprintf                               0x08010419   Thumb Code   736  seekfree_printf.o(i.zf_sprintf)
    PWMItem0                                 0x080106fc   Data           6  devices.o(.constdata)
    PWMItem1                                 0x08010702   Data           6  devices.o(.constdata)
    MEETItem0                                0x08010708   Data           9  communicate.o(.constdata)
    MEETItem1                                0x08010711   Data          10  communicate.o(.constdata)
    MEETItem2                                0x0801071b   Data          11  communicate.o(.constdata)
    MEETItem3                                0x08010726   Data          13  communicate.o(.constdata)
    MEETItem4                                0x08010733   Data          11  communicate.o(.constdata)
    CarInfoItem0                             0x0801073e   Data          12  control.o(.constdata)
    CarInfoItem1                             0x0801074a   Data          14  control.o(.constdata)
    CarInfoItem2                             0x08010758   Data          13  control.o(.constdata)
    Item0                                    0x08010765   Data           7  display.o(.constdata)
    Item1                                    0x0801076c   Data           8  display.o(.constdata)
    Item2                                    0x08010774   Data           4  display.o(.constdata)
    Item3                                    0x08010778   Data           9  display.o(.constdata)
    Item4                                    0x08010781   Data           6  display.o(.constdata)
    Item5                                    0x08010787   Data           8  display.o(.constdata)
    Item6                                    0x0801078f   Data           8  display.o(.constdata)
    CamItem0                                 0x08010797   Data           4  display.o(.constdata)
    CamItem1                                 0x0801079b   Data          10  display.o(.constdata)
    CamItem2                                 0x080107a5   Data           6  display.o(.constdata)
    CamItem3                                 0x080107ab   Data           9  display.o(.constdata)
    CamItem4                                 0x080107b4   Data           9  display.o(.constdata)
    CamItem5                                 0x080107bd   Data           9  display.o(.constdata)
    CamItem6                                 0x080107c6   Data          11  display.o(.constdata)
    CamItem7                                 0x080107d1   Data          11  display.o(.constdata)
    BarnItem0                                0x080107dc   Data           7  display.o(.constdata)
    BarnItem1                                0x080107e3   Data           6  display.o(.constdata)
    BarnItem2                                0x080107e9   Data          11  display.o(.constdata)
    BarnItem3                                0x080107f4   Data          13  display.o(.constdata)
    BarnItem4                                0x08010801   Data          11  display.o(.constdata)
    BarnItem5                                0x0801080c   Data          10  display.o(.constdata)
    BarnItem6                                0x08010816   Data           9  display.o(.constdata)
    ForkxItem0                               0x0801081f   Data           4  display.o(.constdata)
    ForkxItem1                               0x08010823   Data           9  display.o(.constdata)
    ForkxItem2                               0x0801082c   Data          10  display.o(.constdata)
    ForkItem0                                0x08010836   Data           7  display.o(.constdata)
    ForkItem1                                0x0801083d   Data           9  display.o(.constdata)
    ForkItem2                                0x08010846   Data          10  display.o(.constdata)
    ForkItem3                                0x08010850   Data           7  display.o(.constdata)
    ForkItem4                                0x08010857   Data           7  display.o(.constdata)
    ForkItem5                                0x0801085e   Data           7  display.o(.constdata)
    ForkItem6                                0x08010865   Data           7  display.o(.constdata)
    CirclexItem0                             0x0801086c   Data           4  display.o(.constdata)
    CirclexItem1                             0x08010870   Data           9  display.o(.constdata)
    CirclexItem2                             0x08010879   Data          11  display.o(.constdata)
    CirclexItem3                             0x08010884   Data           9  display.o(.constdata)
    CirclexItem4                             0x0801088d   Data          11  display.o(.constdata)
    CirclexItem5                             0x08010898   Data           9  display.o(.constdata)
    CirclexItem6                             0x080108a1   Data          10  display.o(.constdata)
    CirclexItem7                             0x080108ab   Data           8  display.o(.constdata)
    CirclexItem8                             0x080108b3   Data           9  display.o(.constdata)
    CircleItem0                              0x080108bc   Data          13  display.o(.constdata)
    CircleItem1                              0x080108c9   Data          12  display.o(.constdata)
    CircleItem2                              0x080108d5   Data          12  display.o(.constdata)
    CircleItem3                              0x080108e1   Data          13  display.o(.constdata)
    CircleItem4                              0x080108ee   Data           9  display.o(.constdata)
    CircleItem5                              0x080108f7   Data           9  display.o(.constdata)
    CircleItem6                              0x08010900   Data           9  display.o(.constdata)
    CircleItem7                              0x08010909   Data           9  display.o(.constdata)
    tft_ascii                                0x08010912   Data        1520  seekfree_font.o(.constdata)
    __lowest_bit_bitmap                      0x08011128   Data         256  kservice.o(.constdata)
    __fsym_hello_name                        0x08011610   Data           6  cmd.o(.rodata.name)
    __fsym_hello_desc                        0x08011616   Data          16  cmd.o(.rodata.name)
    __fsym_clear_name                        0x08011626   Data           6  cmd.o(.rodata.name)
    __fsym_clear_desc                        0x0801162c   Data          26  cmd.o(.rodata.name)
    __fsym___cmd_clear_name                  0x08011646   Data          12  cmd.o(.rodata.name)
    __fsym___cmd_clear_desc                  0x08011652   Data          26  cmd.o(.rodata.name)
    __fsym_version_name                      0x0801166c   Data           8  cmd.o(.rodata.name)
    __fsym_version_desc                      0x08011674   Data          35  cmd.o(.rodata.name)
    __fsym___cmd_version_name                0x08011697   Data          14  cmd.o(.rodata.name)
    __fsym___cmd_version_desc                0x080116a5   Data          35  cmd.o(.rodata.name)
    __fsym_list_thread_name                  0x080116c8   Data          12  cmd.o(.rodata.name)
    __fsym_list_thread_desc                  0x080116d4   Data          12  cmd.o(.rodata.name)
    __fsym___cmd_list_thread_name            0x080116e0   Data          18  cmd.o(.rodata.name)
    __fsym___cmd_list_thread_desc            0x080116f2   Data          12  cmd.o(.rodata.name)
    __fsym_list_sem_name                     0x080116fe   Data           9  cmd.o(.rodata.name)
    __fsym_list_sem_desc                     0x08011707   Data          25  cmd.o(.rodata.name)
    __fsym___cmd_list_sem_name               0x08011720   Data          15  cmd.o(.rodata.name)
    __fsym___cmd_list_sem_desc               0x0801172f   Data          25  cmd.o(.rodata.name)
    __fsym_list_event_name                   0x08011748   Data          11  cmd.o(.rodata.name)
    __fsym_list_event_desc                   0x08011753   Data          21  cmd.o(.rodata.name)
    __fsym___cmd_list_event_name             0x08011768   Data          17  cmd.o(.rodata.name)
    __fsym___cmd_list_event_desc             0x08011779   Data          21  cmd.o(.rodata.name)
    __fsym_list_mutex_name                   0x0801178e   Data          11  cmd.o(.rodata.name)
    __fsym_list_mutex_desc                   0x08011799   Data          21  cmd.o(.rodata.name)
    __fsym___cmd_list_mutex_name             0x080117ae   Data          17  cmd.o(.rodata.name)
    __fsym___cmd_list_mutex_desc             0x080117bf   Data          21  cmd.o(.rodata.name)
    __fsym_list_mailbox_name                 0x080117d4   Data          13  cmd.o(.rodata.name)
    __fsym_list_mailbox_desc                 0x080117e1   Data          24  cmd.o(.rodata.name)
    __fsym___cmd_list_mailbox_name           0x080117f9   Data          19  cmd.o(.rodata.name)
    __fsym___cmd_list_mailbox_desc           0x0801180c   Data          24  cmd.o(.rodata.name)
    __fsym_list_msgqueue_name                0x08011824   Data          14  cmd.o(.rodata.name)
    __fsym_list_msgqueue_desc                0x08011832   Data          29  cmd.o(.rodata.name)
    __fsym___cmd_list_msgqueue_name          0x0801184f   Data          20  cmd.o(.rodata.name)
    __fsym___cmd_list_msgqueue_desc          0x08011863   Data          29  cmd.o(.rodata.name)
    __fsym_list_memheap_name                 0x08011880   Data          13  cmd.o(.rodata.name)
    __fsym_list_memheap_desc                 0x0801188d   Data          27  cmd.o(.rodata.name)
    __fsym___cmd_list_memheap_name           0x080118a8   Data          19  cmd.o(.rodata.name)
    __fsym___cmd_list_memheap_desc           0x080118bb   Data          27  cmd.o(.rodata.name)
    __fsym_list_mempool_name                 0x080118d6   Data          13  cmd.o(.rodata.name)
    __fsym_list_mempool_desc                 0x080118e3   Data          27  cmd.o(.rodata.name)
    __fsym___cmd_list_mempool_name           0x080118fe   Data          19  cmd.o(.rodata.name)
    __fsym___cmd_list_mempool_desc           0x08011911   Data          27  cmd.o(.rodata.name)
    __fsym_list_timer_name                   0x0801192c   Data          11  cmd.o(.rodata.name)
    __fsym_list_timer_desc                   0x08011937   Data          21  cmd.o(.rodata.name)
    __fsym___cmd_list_timer_name             0x0801194c   Data          17  cmd.o(.rodata.name)
    __fsym___cmd_list_timer_desc             0x0801195d   Data          21  cmd.o(.rodata.name)
    __fsym_list_name                         0x08011972   Data           5  cmd.o(.rodata.name)
    __fsym_list_desc                         0x08011977   Data          26  cmd.o(.rodata.name)
    __fsym___cmd_help_name                   0x08011991   Data          11  msh.o(.rodata.name)
    __fsym___cmd_help_desc                   0x0801199c   Data          22  msh.o(.rodata.name)
    __fsym___cmd_ps_name                     0x080119b2   Data           9  msh.o(.rodata.name)
    __fsym___cmd_ps_desc                     0x080119bb   Data          28  msh.o(.rodata.name)
    __fsym___cmd_free_name                   0x080119d7   Data          11  msh.o(.rodata.name)
    __fsym___cmd_free_desc                   0x080119e2   Data          37  msh.o(.rodata.name)
    __rt_init_rti_start                      0x08011a08   Data           4  components.o(.rti_fn.0)
    __rt_init_rti_board_start                0x08011a0c   Data           4  components.o(.rti_fn.0.end)
    __rt_init_rti_board_end                  0x08011a10   Data           4  components.o(.rti_fn.1.end)
    __rt_init_finsh_system_init              0x08011a14   Data           4  shell.o(.rti_fn.6)
    __rt_init_rti_end                        0x08011a18   Data           4  components.o(.rti_fn.6.end)
    FSymTab$$Base                            0x08011a1c   Number         0  cmd.o(FSymTab)
    __fsym_hello                             0x08011a1c   Data          12  cmd.o(FSymTab)
    __fsym_clear                             0x08011a28   Data          12  cmd.o(FSymTab)
    __fsym___cmd_clear                       0x08011a34   Data          12  cmd.o(FSymTab)
    __fsym_version                           0x08011a40   Data          12  cmd.o(FSymTab)
    __fsym___cmd_version                     0x08011a4c   Data          12  cmd.o(FSymTab)
    __fsym_list_thread                       0x08011a58   Data          12  cmd.o(FSymTab)
    __fsym___cmd_list_thread                 0x08011a64   Data          12  cmd.o(FSymTab)
    __fsym_list_sem                          0x08011a70   Data          12  cmd.o(FSymTab)
    __fsym___cmd_list_sem                    0x08011a7c   Data          12  cmd.o(FSymTab)
    __fsym_list_event                        0x08011a88   Data          12  cmd.o(FSymTab)
    __fsym___cmd_list_event                  0x08011a94   Data          12  cmd.o(FSymTab)
    __fsym_list_mutex                        0x08011aa0   Data          12  cmd.o(FSymTab)
    __fsym___cmd_list_mutex                  0x08011aac   Data          12  cmd.o(FSymTab)
    __fsym_list_mailbox                      0x08011ab8   Data          12  cmd.o(FSymTab)
    __fsym___cmd_list_mailbox                0x08011ac4   Data          12  cmd.o(FSymTab)
    __fsym_list_msgqueue                     0x08011ad0   Data          12  cmd.o(FSymTab)
    __fsym___cmd_list_msgqueue               0x08011adc   Data          12  cmd.o(FSymTab)
    __fsym_list_memheap                      0x08011ae8   Data          12  cmd.o(FSymTab)
    __fsym___cmd_list_memheap                0x08011af4   Data          12  cmd.o(FSymTab)
    __fsym_list_mempool                      0x08011b00   Data          12  cmd.o(FSymTab)
    __fsym___cmd_list_mempool                0x08011b0c   Data          12  cmd.o(FSymTab)
    __fsym_list_timer                        0x08011b18   Data          12  cmd.o(FSymTab)
    __fsym___cmd_list_timer                  0x08011b24   Data          12  cmd.o(FSymTab)
    __fsym_list                              0x08011b30   Data          12  cmd.o(FSymTab)
    __fsym___cmd_help                        0x08011b3c   Data          12  msh.o(FSymTab)
    __fsym___cmd_ps                          0x08011b48   Data          12  msh.o(FSymTab)
    __fsym___cmd_free                        0x08011b54   Data          12  msh.o(FSymTab)
    FSymTab$$Limit                           0x08011b60   Number         0  msh.o(FSymTab)
    Region$$Table$$Base                      0x08011b60   Number         0  anon$$obj.o(Region$$Table)
    Region$$Table$$Limit                     0x08011b80   Number         0  anon$$obj.o(Region$$Table)
    pwm_l                                    0x20000000   Data           2  devices.o(.data)
    pwm_r                                    0x20000002   Data           2  devices.o(.data)
    Servo_mid                                0x20000004   Data           2  devices.o(.data)
    Servo_out                                0x20000006   Data           2  devices.o(.data)
    Servo_add                                0x20000008   Data           2  devices.o(.data)
    KeyCenter                                0x2000000a   Data           1  devices.o(.data)
    KeyUp                                    0x2000000b   Data           1  devices.o(.data)
    KeyDown                                  0x2000000c   Data           1  devices.o(.data)
    KeyLeft                                  0x2000000d   Data           1  devices.o(.data)
    KeyRight                                 0x2000000e   Data           1  devices.o(.data)
    KeyPageUp                                0x2000000f   Data           1  devices.o(.data)
    KeyPageDown                              0x20000010   Data           1  devices.o(.data)
    WAVEFORM_ENABLE                          0x20000018   Data           1  ano_dt.o(.data)
    SendBuff0                                0x20000025   Data           3  communicate.o(.data)
    ReceiveBuff0                             0x20000028   Data           3  communicate.o(.data)
    SendBuff1                                0x2000002b   Data           3  communicate.o(.data)
    KFP_Speed                                0x20000030   Data          24  app_filter.o(.data)
    KFP_ELC14                                0x20000048   Data          24  app_filter.o(.data)
    KFP_ELC23                                0x20000060   Data          24  app_filter.o(.data)
    _datxx                                   0x20000078   Data           1  isr.o(.data)
    run_show                                 0x20000079   Data           1  main.o(.data)
    HMI_START_KEY                            0x2000007a   Data           1  main.o(.data)
    Ackerman_kl                              0x20000080   Data           4  control.o(.data)
    Ackerman_kr                              0x20000084   Data           4  control.o(.data)
    PDout                                    0x20000088   Data           4  control.o(.data)
    kk                                       0x2000008c   Data           4  control.o(.data)
    Radius                                   0x20000090   Data           4  control.o(.data)
    set_angle                                0x20000094   Data           4  control.o(.data)
    Direct_Parameter                         0x20000098   Data           4  control.o(.data)
    Direct_Last                              0x2000009c   Data           4  control.o(.data)
    start_line                               0x200000a0   Data           4  control.o(.data)
    end_line                                 0x200000a4   Data           4  control.o(.data)
    angle_out                                0x200000a8   Data           4  control.o(.data)
    v_out                                    0x200000ac   Data           4  control.o(.data)
    angle_v_out                              0x200000b0   Data           4  control.o(.data)
    Speed_diff_l                             0x200000b4   Data           4  control.o(.data)
    Speed_diff_r                             0x200000b8   Data           4  control.o(.data)
    DirectOut                                0x200000be   Data           2  control.o(.data)
    SpeedOut                                 0x200000c0   Data           2  control.o(.data)
    ExSpeed                                  0x200000c2   Data           2  control.o(.data)
    L_ExSpeed                                0x200000c4   Data           2  control.o(.data)
    R_ExSpeed                                0x200000c6   Data           2  control.o(.data)
    L_SingleControlOut                       0x200000c8   Data           2  control.o(.data)
    R_SingleControlOut                       0x200000ca   Data           2  control.o(.data)
    BalanceControlOut                        0x200000cc   Data           2  control.o(.data)
    Balance_L_Out                            0x200000ce   Data           2  control.o(.data)
    Balance_R_Out                            0x200000d0   Data           2  control.o(.data)
    WaveWriteOK                              0x200000d2   Data           1  control.o(.data)
    Gyro_Z_out                               0x200000d4   Data           4  control.o(.data)
    GYRO_Z_Last                              0x200000d8   Data           4  control.o(.data)
    RiseHeadOut                              0x200000dc   Data           2  control.o(.data)
    cnt                                      0x200000e0   Data           8  control.o(.data)
    point_center                             0x200000e8   Data           4  control.o(.data)
    point_center0                            0x200000ec   Data           4  control.o(.data)
    point_center1                            0x200000f0   Data           4  control.o(.data)
    point_center2                            0x200000f4   Data           4  control.o(.data)
    CarOutProtectCnt                         0x200000f8   Data           2  control.o(.data)
    RoadWide0                                0x200000fc   Data          60  cam.o(.data)
    Pic_Ysite                                0x20000138   Data           2  cam.o(.data)
    Xsite                                    0x2000013a   Data           2  cam.o(.data)
    Ysite                                    0x2000013c   Data           2  cam.o(.data)
    LineALL                                  0x2000013e   Data           8  cam.o(.data)
    Line5_35                                 0x20000146   Data           8  cam.o(.data)
    Line30_60                                0x2000014e   Data           8  cam.o(.data)
    StartColSum                              0x20000156   Data           2  cam.o(.data)
    StartColIndex                            0x20000158   Data           2  cam.o(.data)
    Curve                                    0x2000015a   Data           6  cam.o(.data)
    ForkInfo                                 0x20000160   Data          48  cam.o(.data)
    BarnInInfo                               0x20000190   Data          24  cam.o(.data)
    CircleInfo                               0x200001a8   Data          72  cam.o(.data)
    HMI_DISP_FLAG                            0x200001f0   Data           1  display.o(.data)
    Angle                                    0x200001fc   Data          16  pid.o(.data)
    Ang_Vel                                  0x2000020c   Data          16  pid.o(.data)
    Vel                                      0x2000021c   Data          16  pid.o(.data)
    rubo_Vel                                 0x2000022c   Data          16  pid.o(.data)
    Direct                                   0x2000023c   Data          16  pid.o(.data)
    SpeedPIDParam                            0x2000024c   Data          40  pid.o(.data)
    LeftMotorSpeedPIDParam                   0x20000274   Data          28  pid.o(.data)
    RightMotorSpeedPIDParam                  0x20000290   Data          28  pid.o(.data)
    BalancePIDParam                          0x200002ac   Data          84  pid.o(.data)
    BalancePIDParam_angle_v                  0x20000300   Data          84  pid.o(.data)
    ruleKp                                   0x20000354   Data          49  pid.o(.data)
    ruleKi                                   0x20000385   Data          49  pid.o(.data)
    ruleKd                                   0x200003b6   Data          49  pid.o(.data)
    LNORMAX                                  0x200003f8   Data           8  elc.o(.data)
    MaxNorIndex                              0x20000400   Data           1  elc.o(.data)
    MinNorIndex                              0x20000401   Data           1  elc.o(.data)
    ELC_Sum_14                               0x20000402   Data           2  elc.o(.data)
    ELC_Sum_23                               0x20000404   Data           2  elc.o(.data)
    ELC_Sum_1234                             0x20000406   Data           2  elc.o(.data)
    ELC_Center_14                            0x20000408   Data           2  elc.o(.data)
    ELC_Center_23                            0x2000040a   Data           2  elc.o(.data)
    ELC_PROTECT_FLAG                         0x2000040c   Data           1  elc.o(.data)
    KFP_ELC_Sum_14                           0x2000040e   Data           2  elc.o(.data)
    KFP_ELC_Sum_23                           0x20000410   Data           2  elc.o(.data)
    ELC_Center_14_100                        0x20000414   Data           4  elc.o(.data)
    ELC_Circle                               0x20000418   Data           4  elc.o(.data)
    OFFSET0                                  0x2000041c   Data           2  lq_camera.o(.data)
    OFFSET1                                  0x2000041e   Data           2  lq_camera.o(.data)
    OFFSET2                                  0x20000420   Data           2  lq_camera.o(.data)
    TXV                                      0x20000422   Data           2  lq_camera.o(.data)
    Threshold1                               0x20000424   Data           2  lq_camera.o(.data)
    Threshold2                               0x20000426   Data           2  lq_camera.o(.data)
    uart_mb                                  0x20000428   Data           4  board.o(.data)
    ch                                       0x2000042c   Data           1  board.o(.data)
    uart3_get_buffer                         0x2000042d   Data           1  board.o(.data)
    uart3_interrupt_flag                     0x2000042e   Data           1  board.o(.data)
    ov7725_finish_flag                       0x20000430   Data           1  seekfree_7725.o(.data)
    ov7725_threshold                         0x20000434   Data           1  seekfree_7725.o(.data)
    NowCollectImg                            0x20000435   Data           1  seekfree_7725.o(.data)
    icm_gyro_x                               0x20000438   Data           2  seekfree_icm20602.o(.data)
    icm_gyro_y                               0x2000043a   Data           2  seekfree_icm20602.o(.data)
    icm_gyro_z                               0x2000043c   Data           2  seekfree_icm20602.o(.data)
    icm_acc_x                                0x2000043e   Data           2  seekfree_icm20602.o(.data)
    icm_acc_y                                0x20000440   Data           2  seekfree_icm20602.o(.data)
    icm_acc_z                                0x20000442   Data           2  seekfree_icm20602.o(.data)
    ICM20602_Offset_Finished                 0x20000444   Data           1  seekfree_icm20602.o(.data)
    max_angle                                0x20000448   Data           4  seekfree_icm20602.o(.data)
    min_angle                                0x2000044c   Data           4  seekfree_icm20602.o(.data)
    Attitude_Angel_P                         0x20000450   Data           4  seekfree_icm20602.o(.data)
    Attitude_Angel_R                         0x20000454   Data           4  seekfree_icm20602.o(.data)
    Attitude_Angel_Y                         0x20000458   Data           4  seekfree_icm20602.o(.data)
    q0                                       0x2000045c   Data           4  seekfree_icm20602.o(.data)
    q1                                       0x20000460   Data           4  seekfree_icm20602.o(.data)
    q2                                       0x20000464   Data           4  seekfree_icm20602.o(.data)
    q3                                       0x20000468   Data           4  seekfree_icm20602.o(.data)
    exInt                                    0x2000046c   Data           4  seekfree_icm20602.o(.data)
    eyInt                                    0x20000470   Data           4  seekfree_icm20602.o(.data)
    ezInt                                    0x20000474   Data           4  seekfree_icm20602.o(.data)
    IPS114_PENCOLOR                          0x20000478   Data           2  seekfree_ips114_spi.o(.data)
    IPS114_BGCOLOR                           0x2000047a   Data           2  seekfree_ips114_spi.o(.data)
    mt9v03x_finish_flag                      0x2000047c   Data           1  seekfree_mt9v03x.o(.data)
    MT9V03X_CFG                              0x20000482   Data          36  seekfree_mt9v03x.o(.data)
    GET_CFG                                  0x200004a6   Data          32  seekfree_mt9v03x.o(.data)
    adc_index                                0x200004c8   Data          12  zf_adc.o(.data)
    adc_resolution                           0x200004d4   Data           3  zf_adc.o(.data)
    gpio_group                               0x200004d8   Data          32  zf_gpio.o(.data)
    PWM_DUTY_MAX                             0x200004f8   Data           4  zf_pwm.o(.data)
    spi_index                                0x200004fc   Data          12  zf_spi.o(.data)
    tim_index                                0x20000508   Data          32  zf_tim.o(.data)
    uart_index                               0x20000528   Data          32  zf_uart.o(.data)
    uart_irq                                 0x20000548   Data           8  zf_uart.o(.data)
    rt_interrupt_nest                        0x2000055c   Data           1  irq.o(.data)
    rt_assert_hook                           0x20000564   Data           4  kservice.o(.data)
    rt_object_trytake_hook                   0x20000600   Data           4  object.o(.data)
    rt_object_take_hook                      0x20000604   Data           4  object.o(.data)
    rt_object_put_hook                       0x20000608   Data           4  object.o(.data)
    rt_thread_ready_priority_group           0x2000060c   Data           4  scheduler.o(.data)
    rt_current_thread                        0x20000614   Data           4  scheduler.o(.data)
    rt_current_priority                      0x20000618   Data           1  scheduler.o(.data)
    rt_thread_defunct                        0x2000061c   Data           8  scheduler.o(.data)
    rt_interrupt_from_thread                 0x20000648   Data           4  cpuport.o(.data)
    rt_interrupt_to_thread                   0x2000064c   Data           4  cpuport.o(.data)
    rt_thread_switch_interrupt_flag          0x20000650   Data           4  cpuport.o(.data)
    _syscall_table_begin                     0x20000658   Data           4  shell.o(.data)
    _syscall_table_end                       0x2000065c   Data           4  shell.o(.data)
    _sysvar_table_begin                      0x20000660   Data           4  shell.o(.data)
    _sysvar_table_end                        0x20000664   Data           4  shell.o(.data)
    shell                                    0x20000668   Data           4  shell.o(.data)
    camera_type                              0x20000670   Data           1  common.o(.data)
    camera_buffer_addr                       0x20000674   Data           4  common.o(.data)
    SystemCoreClock                          0x20000678   Data           4  system_mm32f327x.o(.data)
    AHBPrescTable                            0x2000067c   Data          16  system_mm32f327x.o(.data)
    Beep                                     0x20000690   Data          12  devices.o(.bss)
    L_Wheel                                  0x2000069c   Data          20  devices.o(.bss)
    R_Wheel                                  0x200006b0   Data          20  devices.o(.bss)
    Wheel                                    0x200006c4   Data          20  devices.o(.bss)
    ImgZip0                                  0x200006d8   Data         960  myflash.o(.bss)
    ParamsNow                                0x20000a98   Data        1020  myflash.o(.bss)
    waveform                                 0x20000e94   Data          40  ano_dt.o(.bss)
    data_to_receive                          0x20000ebc   Data         100  ano_dt.o(.bss)
    data_to_send                             0x20000f20   Data         100  ano_dt.o(.bss)
    pid_param                                0x20000f84   Data         300  ano_dt.o(.bss)
    cmd_buff                                 0x200010b0   Data          17  ano_dt.o(.bss)
    MeetCar                                  0x200010c4   Data          20  communicate.o(.bss)
    CarInfo                                  0x200010d8   Data          24  control.o(.bss)
    Angle_PID                                0x200010f0   Data          16  control.o(.bss)
    Ang_Vel_PID                              0x20001100   Data          16  control.o(.bss)
    Vel_PID                                  0x20001110   Data          16  control.o(.bss)
    Turn_PID                                 0x20001120   Data          16  control.o(.bss)
    Direct_PID                               0x20001130   Data          16  control.o(.bss)
    Base                                     0x20001140   Data          40  cam.o(.bss)
    Img                                      0x20001168   Data        1560  cam.o(.bss)
    Column10                                 0x20001780   Data          12  cam.o(.bss)
    Column117                                0x2000178c   Data          12  cam.o(.bss)
    Column64                                 0x20001798   Data          12  cam.o(.bss)
    Row56                                    0x200017a4   Data          16  cam.o(.bss)
    Straight                                 0x200017b4   Data          10  cam.o(.bss)
    Fork                                     0x200017c0   Data         152  cam.o(.bss)
    Barn                                     0x20001858   Data          48  cam.o(.bss)
    Circle                                   0x20001888   Data          60  cam.o(.bss)
    Ramp                                     0x200018c4   Data          52  cam.o(.bss)
    Cross                                    0x200018f8   Data          16  cam.o(.bss)
    SpeedPID                                 0x20001908   Data          40  pid.o(.bss)
    SpeedPIDLeft                             0x20001930   Data          40  pid.o(.bss)
    SpeedPIDRight                            0x20001958   Data          40  pid.o(.bss)
    AngleLoop_Fuzzy                          0x20001980   Data         152  pid.o(.bss)
    LNow                                     0x20001a18   Data          16  elc.o(.bss)
    LMax                                     0x20001a28   Data          16  elc.o(.bss)
    LMin                                     0x20001a38   Data          16  elc.o(.bss)
    ELC                                      0x20001a48   Data          72  elc.o(.bss)
    LNor                                     0x20001a90   Data          16  elc.o(.bss)
    Image_Data                               0x20001aa0   Data        7680  lq_camera.o(.bss)
    Image_Use                                0x200038a0   Data       32400  lq_camera.o(.bss)
    Bin_Image                                0x2000b730   Data        7680  lq_camera.o(.bss)
    ov7725_image_bin0                        0x2000d530   Data        2400  seekfree_7725.o(.bss)
    ov7725_image_bin1                        0x2000de90   Data        2400  seekfree_7725.o(.bss)
    ImageUsed                                0x2000e7f0   Data        7680  seekfree_7725.o(.bss)
    ICM_State                                0x200105f0   Data          12  seekfree_icm20602.o(.bss)
    ICM_Offset                               0x200105fc   Data          12  seekfree_icm20602.o(.bss)
    ICM_Treated                              0x20010608   Data          24  seekfree_icm20602.o(.bss)
    ICMIntegrate                             0x20010620   Data          36  seekfree_icm20602.o(.bss)
    ACC_X_BUF                                0x20010644   Data          20  seekfree_icm20602.o(.bss)
    ACC_Y_BUF                                0x20010658   Data          20  seekfree_icm20602.o(.bss)
    ACC_Z_BUF                                0x2001066c   Data          20  seekfree_icm20602.o(.bss)
    GYRO_X_BUF                               0x20010680   Data          80  seekfree_icm20602.o(.bss)
    GYRO_Y_BUF                               0x200106d0   Data          80  seekfree_icm20602.o(.bss)
    GYRO_Z_BUF                               0x20010720   Data          80  seekfree_icm20602.o(.bss)
    mt9v03x_image                            0x20010770   Data        7680  seekfree_mt9v03x.o(.bss)
    CRM                                      0x20012570   Data        7680  seekfree_mt9v03x.o(.bss)
    rt_thread_priority_table                 0x200145e4   Data         256  scheduler.o(.bss)
    Image$$RW_IRAM1$$ZI$$Limit               0x20016768   Number         0  anon$$obj.o ABSOLUTE
    __initial_sp                             0x20016768   Data           0  startup_mm32f327x_keil.o(STACK)



==============================================================================

Memory Map of the image

  Image Entry point : 0x08000191

  Load Region LR_IROM1 (Base: 0x08000000, Size: 0x00012210, Max: 0x00080000, ABSOLUTE, COMPRESSED[0x00011e08])

    Execution Region ER_IROM1 (Base: 0x08000000, Size: 0x00011b80, Max: 0x00080000, ABSOLUTE)

    Base Addr    Size         Type   Attr      Idx    E Section Name        Object

    0x08000000   0x00000190   Data   RO        10296    RESET               startup_mm32f327x_keil.o
    0x08000190   0x00000000   Code   RO        10319  * .ARM.Collect$$$$00000000  mc_w.l(entry.o)
    0x08000190   0x00000004   Code   RO        10404    .ARM.Collect$$$$00000001  mc_w.l(entry2.o)
    0x08000194   0x00000004   Code   RO        10407    .ARM.Collect$$$$00000004  mc_w.l(entry5.o)
    0x08000198   0x00000000   Code   RO        10409    .ARM.Collect$$$$00000008  mc_w.l(entry7b.o)
    0x08000198   0x00000000   Code   RO        10411    .ARM.Collect$$$$0000000A  mc_w.l(entry8b.o)
    0x08000198   0x00000008   Code   RO        10412    .ARM.Collect$$$$0000000B  mc_w.l(entry9a.o)
    0x080001a0   0x00000000   Code   RO        10414    .ARM.Collect$$$$0000000D  mc_w.l(entry10a.o)
    0x080001a0   0x00000000   Code   RO        10416    .ARM.Collect$$$$0000000F  mc_w.l(entry11a.o)
    0x080001a0   0x00000004   Code   RO        10405    .ARM.Collect$$$$00002712  mc_w.l(entry2.o)
    0x080001a4   0x000000f4   Code   RO         8934    .text               context_rvds.o
    0x08000298   0x00000024   Code   RO        10297    .text               startup_mm32f327x_keil.o
    0x080002bc   0x00000062   Code   RO        10322    .text               mc_w.l(uldiv.o)
    0x0800031e   0x00000062   Code   RO        10324    .text               mc_w.l(ldiv.o)
    0x08000380   0x00000024   Code   RO        10326    .text               mc_w.l(memcpya.o)
    0x080003a4   0x00000024   Code   RO        10328    .text               mc_w.l(memseta.o)
    0x080003c8   0x00000018   Code   RO        10330    .text               mc_w.l(strcat.o)
    0x080003e0   0x00000018   Code   RO        10332    .text               mc_w.l(strncpy.o)
    0x080003f8   0x0000000e   Code   RO        10334    .text               mc_w.l(strlen.o)
    0x08000406   0x0000001a   Code   RO        10338    .text               mc_w.l(memcmp.o)
    0x08000420   0x00000012   Code   RO        10340    .text               mc_w.l(strcpy.o)
    0x08000432   0x0000001e   Code   RO        10342    .text               mc_w.l(strncmp.o)
    0x08000450   0x000000b0   Code   RO        10348    .text               mf_w.l(fadd.o)
    0x08000500   0x00000064   Code   RO        10350    .text               mf_w.l(fmul.o)
    0x08000564   0x0000007c   Code   RO        10352    .text               mf_w.l(fdiv.o)
    0x080005e0   0x0000014e   Code   RO        10354    .text               mf_w.l(dadd.o)
    0x0800072e   0x000000e4   Code   RO        10356    .text               mf_w.l(dmul.o)
    0x08000812   0x000000de   Code   RO        10358    .text               mf_w.l(ddiv.o)
    0x080008f0   0x00000012   Code   RO        10360    .text               mf_w.l(fflti.o)
    0x08000902   0x0000000a   Code   RO        10362    .text               mf_w.l(ffltui.o)
    0x0800090c   0x0000002c   Code   RO        10364    .text               mf_w.l(ffltl.o)
    0x08000938   0x00000022   Code   RO        10366    .text               mf_w.l(dflti.o)
    0x0800095a   0x00000032   Code   RO        10368    .text               mf_w.l(ffixi.o)
    0x0800098c   0x00000028   Code   RO        10370    .text               mf_w.l(ffixui.o)
    0x080009b4   0x0000003e   Code   RO        10372    .text               mf_w.l(dfixi.o)
    0x080009f2   0x00000026   Code   RO        10374    .text               mf_w.l(f2d.o)
    0x08000a18   0x00000030   Code   RO        10376    .text               mf_w.l(cdcmple.o)
    0x08000a48   0x00000030   Code   RO        10378    .text               mf_w.l(cdrcmple.o)
    0x08000a78   0x00000038   Code   RO        10380    .text               mf_w.l(d2f.o)
    0x08000ab0   0x00000014   Code   RO        10382    .text               mf_w.l(cfcmple.o)
    0x08000ac4   0x00000014   Code   RO        10384    .text               mf_w.l(cfrcmple.o)
    0x08000ad8   0x0000001e   Code   RO        10418    .text               mc_w.l(llshl.o)
    0x08000af6   0x00000020   Code   RO        10420    .text               mc_w.l(llushr.o)
    0x08000b16   0x00000024   Code   RO        10422    .text               mc_w.l(llsshr.o)
    0x08000b3a   0x00000000   Code   RO        10433    .text               mc_w.l(iusefp.o)
    0x08000b3a   0x0000006e   Code   RO        10434    .text               mf_w.l(fepilogue.o)
    0x08000ba8   0x000000ba   Code   RO        10436    .text               mf_w.l(depilogue.o)
    0x08000c62   0x0000002e   Code   RO        10438    .text               mf_w.l(dscalb.o)
    0x08000c90   0x000000a2   Code   RO        10440    .text               mf_w.l(dsqrt.o)
    0x08000d32   0x00000002   PAD
    0x08000d34   0x00000024   Code   RO        10442    .text               mc_w.l(init.o)
    0x08000d58   0x00000056   Code   RO        10484    .text               mc_w.l(__dczerorl2.o)
    0x08000dae   0x0000000a   Code   RO         7646    i.$Sub$$main        components.o
    0x08000db8   0x00000008   Code   RO            4    i.ABS               all_init.o
    0x08000dc0   0x00000016   Code   RO            5    i.ABS_FLOAT         all_init.o
    0x08000dd6   0x00000002   PAD
    0x08000dd8   0x000000fc   Code   RO         1404    i.Adjust_Threshold  display.o
    0x08000ed4   0x00000066   Code   RO        10249    i.AutoCalPllFactor  system_mm32f327x.o
    0x08000f3a   0x00000002   PAD
    0x08000f3c   0x00000220   Code   RO         1206    i.Barn_AddingLine   cam.o
    0x0800115c   0x000001e4   Code   RO         1405    i.Barn_Show         display.o
    0x08001340   0x00000060   Code   RO          447    i.BeepInt           devices.o
    0x080013a0   0x00000034   Code   RO          448    i.Beep_DiDi         devices.o
    0x080013d4   0x00000004   Code   RO        10130    i.BusFault_Handler  common.o
    0x080013d8   0x00000030   Code   RO         1770    i.CRM123            lq_camera.o
    0x08001408   0x000001fc   Code   RO         1407    i.Cam_Processing    display.o
    0x08001604   0x00000104   Code   RO         1408    i.Cam_Show          display.o
    0x08001708   0x0000000e   Code   RO         2010    i.CameraExtract0    seekfree_7725.o
    0x08001716   0x00000002   PAD
    0x08001718   0x00000164   Code   RO         1140    i.CarInfo_Show      control.o
    0x0800187c   0x00000028   Code   RO         1141    i.CarSystem_Init    control.o
    0x080018a4   0x0000016c   Code   RO         1143    i.Center_Cal        control.o
    0x08001a10   0x00000340   Code   RO         1208    i.Circle_AddingLine  cam.o
    0x08001d50   0x00000128   Code   RO         1209    i.Circle_Find_LeftUp_Inflexion  cam.o
    0x08001e78   0x00000128   Code   RO         1210    i.Circle_Find_RightUp_Inflexion  cam.o
    0x08001fa0   0x000002e8   Code   RO         1409    i.Circle_ParamsAdjust  display.o
    0x08002288   0x00000164   Code   RO         1410    i.Circle_Show       display.o
    0x080023ec   0x000000b4   Code   RO          720    i.ConfirmBalanceCarState  communicate.o
    0x080024a0   0x00000144   Code   RO         1215    i.Curve_Judge       cam.o
    0x080025e4   0x00000042   Code   RO        10250    i.DELAY_xUs         system_mm32f327x.o
    0x08002626   0x00000014   Code   RO          815    i.DMA1_Channel1_IRQHandler  isr.o
    0x0800263a   0x00000014   Code   RO          816    i.DMA1_Channel2_IRQHandler  isr.o
    0x0800264e   0x00000016   Code   RO          817    i.DMA1_Channel3_IRQHandler  isr.o
    0x08002664   0x00000044   Code   RO          818    i.DMA1_Channel4_IRQHandler  isr.o
    0x080026a8   0x00000016   Code   RO          819    i.DMA1_Channel5_IRQHandler  isr.o
    0x080026be   0x00000016   Code   RO          820    i.DMA1_Channel6_IRQHandler  isr.o
    0x080026d4   0x00000016   Code   RO          821    i.DMA1_Channel7_IRQHandler  isr.o
    0x080026ea   0x00000014   Code   RO          822    i.DMA2_Channel1_IRQHandler  isr.o
    0x080026fe   0x00000016   Code   RO          824    i.DMA2_Channel3_IRQHandler  isr.o
    0x08002714   0x00000018   Code   RO          825    i.DMA2_Channel4_IRQHandler  isr.o
    0x0800272c   0x00000018   Code   RO          826    i.DMA2_Channel5_IRQHandler  isr.o
    0x08002744   0x0000001c   Code   RO         4264    i.DMA_ClearFlag     hal_dma.o
    0x08002760   0x0000000c   Code   RO         4266    i.DMA_Cmd           hal_dma.o
    0x0800276c   0x0000005c   Code   RO         4267    i.DMA_DeInit        hal_dma.o
    0x080027c8   0x00000030   Code   RO         4269    i.DMA_GetFlagStatus  hal_dma.o
    0x080027f8   0x00000030   Code   RO         4270    i.DMA_GetITStatus   hal_dma.o
    0x08002828   0x00000012   Code   RO         4271    i.DMA_ITConfig      hal_dma.o
    0x0800283a   0x00000046   Code   RO         4272    i.DMA_Init          hal_dma.o
    0x08002880   0x00000084   Code   RO          632    i.DMA_NVIC_Send_Config  ano_dt.o
    0x08002904   0x0000001c   Code   RO         4274    i.DMA_StructInit    hal_dma.o
    0x08002920   0x00000270   Code   RO         2157    i.Data_Filter       seekfree_icm20602.o
    0x08002b90   0x00000004   Code   RO        10131    i.DebugMon_Handler  common.o
    0x08002b94   0x00000128   Code   RO          449    i.Decices_Init      devices.o
    0x08002cbc   0x00000098   Code   RO         1411    i.DirAdjust         display.o
    0x08002d54   0x0000011c   Code   RO         1696    i.ELC_Center_Calculate  elc.o
    0x08002e70   0x00000078   Code   RO         1698    i.ELC_Judge         elc.o
    0x08002ee8   0x00000158   Code   RO         1699    i.ELC_Normalized    elc.o
    0x08003040   0x000001f0   Code   RO         1701    i.ELC_Show          elc.o
    0x08003230   0x0000000a   Code   RO          827    i.EXTI0_IRQHandler  isr.o
    0x0800323a   0x00000070   Code   RO          828    i.EXTI15_10_IRQHandler  isr.o
    0x080032aa   0x0000000a   Code   RO          829    i.EXTI1_IRQHandler  isr.o
    0x080032b4   0x0000000a   Code   RO          830    i.EXTI2_IRQHandler  isr.o
    0x080032be   0x0000000a   Code   RO          831    i.EXTI3_IRQHandler  isr.o
    0x080032c8   0x0000000a   Code   RO          832    i.EXTI4_IRQHandler  isr.o
    0x080032d2   0x00000002   PAD
    0x080032d4   0x00000068   Code   RO          833    i.EXTI9_5_IRQHandler  isr.o
    0x0800333c   0x0000000c   Code   RO         4874    i.EXTI_ClearFlag    hal_exti.o
    0x08003348   0x00000020   Code   RO         4879    i.EXTI_GetITStatus  hal_exti.o
    0x08003368   0x000000d8   Code   RO         4880    i.EXTI_Init         hal_exti.o
    0x08003440   0x0000003c   Code   RO         4881    i.EXTI_LineConfig   hal_exti.o
    0x0800347c   0x00000010   Code   RO         4882    i.EXTI_StructInit   hal_exti.o
    0x0800348c   0x00000370   Code   RO          450    i.Encoder_Read      devices.o
    0x080037fc   0x00000124   Code   RO          451    i.Encoder_Show      devices.o
    0x08003920   0x00000278   Code   RO          581    i.FlashParamsRead   myflash.o
    0x08003b98   0x00000200   Code   RO         1216    i.Fork_AddingLine   cam.o
    0x08003d98   0x00000190   Code   RO         1218    i.Fork_Find_Peak    cam.o
    0x08003f28   0x00000150   Code   RO         1412    i.Fork_ParamsAdjust  display.o
    0x08004078   0x00000144   Code   RO         1413    i.Fork_Show         display.o
    0x080041bc   0x00000064   Code   RO         1595    i.FuzzyPID_Init     pid.o
    0x08004220   0x0000106c   Code   RO         1220    i.GetBorder         cam.o
    0x0800528c   0x00000198   Code   RO         1771    i.GetOSTU           lq_camera.o
    0x08005424   0x000000c8   Code   RO         1772    i.Get_Bin_Image     lq_camera.o
    0x080054ec   0x00000208   Code   RO            6    i.Global_Init       all_init.o
    0x080056f4   0x00000178   Code   RO         1414    i.HMI_Display       display.o
    0x0800586c   0x00000180   Code   RO         2158    i.ICM20602_Offset   seekfree_icm20602.o
    0x080059ec   0x000002e0   Code   RO         2159    i.ICM20602_Show     seekfree_icm20602.o
    0x08005ccc   0x00000214   Code   RO         2160    i.ICM_I_Int         seekfree_icm20602.o
    0x08005ee0   0x000005d8   Code   RO         2161    i.IMUupdate         seekfree_icm20602.o
    0x080064b8   0x00000150   Code   RO         1221    i.ImageProcessingStatusInit  cam.o
    0x08006608   0x00000074   Code   RO          583    i.ImageUzipToSram   myflash.o
    0x0800667c   0x00000092   Code   RO         1415    i.Image_DrawXLine   display.o
    0x0800670e   0x00000092   Code   RO         1416    i.Image_DrawYLine   display.o
    0x080067a0   0x00000078   Code   RO         1417    i.Image_Show_X      display.o
    0x08006818   0x0000002c   Code   RO         1418    i.Image_WritePoint  display.o
    0x08006844   0x0000011c   Code   RO         1419    i.Img_ShowGird      display.o
    0x08006960   0x00000012   Code   RO         1222    i.InRange           cam.o
    0x08006972   0x00000002   PAD
    0x08006974   0x000001dc   Code   RO         1703    i.Inductor_Read     elc.o
    0x08006b50   0x0000005a   Code   RO          782    i.KalmanFilter      app_filter.o
    0x08006baa   0x00000002   PAD
    0x08006bac   0x000002d8   Code   RO          452    i.KeyScanInt        devices.o
    0x08006e84   0x00000214   Code   RO         1224    i.LineBorderStateCount  cam.o
    0x08007098   0x00000014   Code   RO         1225    i.LineStatusClear   cam.o
    0x080070ac   0x0000017c   Code   RO          723    i.MeetCar_Show      communicate.o
    0x08007228   0x00000004   Code   RO        10132    i.MemManage_Handler  common.o
    0x0800722c   0x00000100   Code   RO         1420    i.Menu_Choose       display.o
    0x0800732c   0x000000f0   Code   RO          454    i.Motor_Show        devices.o
    0x0800741c   0x00000004   Code   RO        10133    i.NMI_Handler       common.o
    0x08007420   0x0000006c   Code   RO         5594    i.NVIC_Init         hal_misc.o
    0x0800748c   0x00000008   Code   RO         1597    i.PID_Init          pid.o
    0x08007494   0x00000096   Code   RO         1598    i.PID_Realize1      pid.o
    0x0800752a   0x00000002   PAD
    0x0800752c   0x000000d4   Code   RO         1599    i.PID_Realize2      pid.o
    0x08007600   0x0000010c   Code   RO          455    i.PWM_Write         devices.o
    0x0800770c   0x000000dc   Code   RO         1421    i.ParamsAdjustFloat  display.o
    0x080077e8   0x000000b0   Code   RO         1422    i.ParamsAdjustShort  display.o
    0x08007898   0x000000a4   Code   RO         1423    i.ParamsAdjustUint32  display.o
    0x0800793c   0x00000084   Code   RO         1424    i.Photo_Processing  display.o
    0x080079c0   0x00000020   Code   RO         5747    i.RCC_AHBPeriphClockCmd  hal_rcc.o
    0x080079e0   0x00000020   Code   RO         5750    i.RCC_APB1PeriphClockCmd  hal_rcc.o
    0x08007a00   0x00000020   Code   RO         5753    i.RCC_APB2PeriphClockCmd  hal_rcc.o
    0x08007a20   0x00000004   Code   RO        10134    i.SVC_Handler       common.o
    0x08007a24   0x000000cc   Code   RO          635    i.Send_Waveform     ano_dt.o
    0x08007af0   0x00000030   Code   RO        10251    i.SetSysClock       system_mm32f327x.o
    0x08007b20   0x000001f4   Code   RO        10252    i.SetSysClockToXX   system_mm32f327x.o
    0x08007d14   0x000000fc   Code   RO         1425    i.ShowExBorder      display.o
    0x08007e10   0x00000018   Code   RO         1426    i.ShowForkFlag      display.o
    0x08007e28   0x00000280   Code   RO         1427    i.ShowLeftAndRightBorder0  display.o
    0x080080a8   0x00000138   Code   RO         1429    i.ShowRepairLine    display.o
    0x080081e0   0x00000098   Code   RO         1430    i.StateAdjust       display.o
    0x08008278   0x00000218   Code   RO         1232    i.Stright_Judge     cam.o
    0x08008490   0x00000010   Code   RO         1936    i.SysTick_Handler   board.o
    0x080084a0   0x00000064   Code   RO        10253    i.SystemInit        system_mm32f327x.o
    0x08008504   0x00000014   Code   RO          834    i.TIM1_UP_IRQHandler  isr.o
    0x08008518   0x00000012   Code   RO          835    i.TIM2_IRQHandler   isr.o
    0x0800852a   0x00000002   PAD
    0x0800852c   0x00000014   Code   RO          836    i.TIM3_IRQHandler   isr.o
    0x08008540   0x00000014   Code   RO          837    i.TIM4_IRQHandler   isr.o
    0x08008554   0x00000014   Code   RO          838    i.TIM5_IRQHandler   isr.o
    0x08008568   0x00000018   Code   RO          839    i.TIM6_IRQHandler   isr.o
    0x08008580   0x00000014   Code   RO          840    i.TIM7_IRQHandler   isr.o
    0x08008594   0x00000014   Code   RO          841    i.TIM8_UP_IRQHandler  isr.o
    0x080085a8   0x00000016   Code   RO         6609    i.TIM_Cmd           hal_tim.o
    0x080085be   0x00000012   Code   RO         6612    i.TIM_DMACmd        hal_tim.o
    0x080085d0   0x00000020   Code   RO         6616    i.TIM_ETRClockMode1Config  hal_tim.o
    0x080085f0   0x0000002c   Code   RO         6618    i.TIM_ETRConfig     hal_tim.o
    0x0800861c   0x0000000c   Code   RO         6669    i.TIM_SelectInputTrigger  hal_tim.o
    0x08008628   0x0000000c   Code   RO         6670    i.TIM_SelectMasterSlaveMode  hal_tim.o
    0x08008634   0x0000000c   Code   RO         6674    i.TIM_SelectSlaveMode  hal_tim.o
    0x08008640   0x00000078   Code   RO         6697    i.TIM_TimeBaseInit  hal_tim.o
    0x080086b8   0x000003bc   Code   RO         1144    i.Timer_IT          control.o
    0x08008a74   0x00000190   Code   RO         1233    i.TwoPoint_AddingLine  cam.o
    0x08008c04   0x0000003c   Code   RO          842    i.UART2_IRQHandler  isr.o
    0x08008c40   0x00000058   Code   RO          843    i.UART3_IRQHandler  isr.o
    0x08008c98   0x0000003c   Code   RO          844    i.UART4_IRQHandler  isr.o
    0x08008cd4   0x00000034   Code   RO          845    i.UART5_IRQHandler  isr.o
    0x08008d08   0x0000003c   Code   RO          846    i.UART6_IRQHandler  isr.o
    0x08008d44   0x0000003c   Code   RO          847    i.UART7_IRQHandler  isr.o
    0x08008d80   0x00000054   Code   RO          848    i.UART8_IRQHandler  isr.o
    0x08008dd4   0x0000000e   Code   RO         7267    i.UART_DMACmd       hal_uart.o
    0x08008de2   0x00000010   Code   RO         7270    i.UART_GetFlagStatus  hal_uart.o
    0x08008df2   0x00000006   Code   RO         7278    i.UART_SendData     hal_uart.o
    0x08008df8   0x00000004   Code   RO        10135    i.UsageFault_Handler  common.o
    0x08008dfc   0x00000160   Code   RO          638    i.Waveform_Write    ano_dt.o
    0x08008f5c   0x00000028   Code   RO        10400    i.__ARM_fpclassify  m_ws.l(fpclassify.o)
    0x08008f84   0x000000aa   Code   RO        10402    i.__kernel_poly     m_ws.l(poly.o)
    0x0800902e   0x00000006   Code   RO        10387    i.__mathlib_dbl_infnan  m_ws.l(dunder.o)
    0x08009034   0x0000000c   Code   RO        10389    i.__mathlib_dbl_invalid  m_ws.l(dunder.o)
    0x08009040   0x00000010   Code   RO        10392    i.__mathlib_dbl_underflow  m_ws.l(dunder.o)
    0x08009050   0x0000004c   Code   RO         8095    i.__rt_ffs          kservice.o
    0x0800909c   0x0000000e   Code   RO        10478    i.__scatterload_copy  mc_w.l(handlers.o)
    0x080090aa   0x00000002   Code   RO        10479    i.__scatterload_null  mc_w.l(handlers.o)
    0x080090ac   0x0000000e   Code   RO        10480    i.__scatterload_zeroinit  mc_w.l(handlers.o)
    0x080090ba   0x00000002   PAD
    0x080090bc   0x0000000c   Code   RO        10426    i.__set_errno       mc_w.l(errno.o)
    0x080090c8   0x00000028   Code   RO         8551    i._get_highest_priority_thread  scheduler.o
    0x080090f0   0x00000098   Code   RO         9942    i._msh_exec_cmd     msh.o
    0x08009188   0x000000c4   Code   RO         8552    i._rt_scheduler_stack_check  scheduler.o
    0x0800924c   0x000000d0   Code   RO         8647    i._rt_thread_init   thread.o
    0x0800931c   0x00000042   Code   RO         8801    i._rt_timer_init    timer.o
    0x0800935e   0x0000001c   Code   RO         8802    i._rt_timer_remove  timer.o
    0x0800937a   0x0000001c   Code   RO         8648    i._thread_cleanup_execute  thread.o
    0x08009396   0x00000002   PAD
    0x08009398   0x00000068   Code   RO         2671    i.adc_convert       zf_adc.o
    0x08009400   0x00000104   Code   RO         2672    i.adc_init          zf_adc.o
    0x08009504   0x0000001a   Code   RO         2674    i.adc_pin_init      zf_adc.o
    0x0800951e   0x00000002   PAD
    0x08009520   0x000000e4   Code   RO         2869    i.afio_init         zf_gpio.o
    0x08009604   0x00000270   Code   RO        10302    i.asin              m_ws.l(asin.o)
    0x08009874   0x00000044   Code   RO         1937    i.board_init        board.o
    0x080098b8   0x000000fc   Code   RO         8938    i.bus_fault_track   cpuport.o
    0x080099b4   0x000000fc   Code   RO         2718    i.camera_dma_init   zf_camera.o
    0x08009ab0   0x0000011c   Code   RO         2719    i.camera_tim_etr_init  zf_camera.o
    0x08009bcc   0x00000014   Code   RO         8998    i.clear             cmd.o
    0x08009be0   0x0000000e   Code   RO         9943    i.cmd_free          msh.o
    0x08009bee   0x0000000e   Code   RO         9944    i.cmd_ps            msh.o
    0x08009bfc   0x0000000c   Code   RO            7    i.delay_ms          all_init.o
    0x08009c08   0x000000d4   Code   RO         2753    i.exti_interrupt_init  zf_exti.o
    0x08009cdc   0x00000158   Code   RO         2162    i.fast_atan2        seekfree_icm20602.o
    0x08009e34   0x00000074   Code   RO        10022    i.finsh_get_prompt  shell.o
    0x08009ea8   0x00000008   Code   RO        10024    i.finsh_getchar     shell.o
    0x08009eb0   0x00000048   Code   RO        10027    i.finsh_set_prompt_mode  shell.o
    0x08009ef8   0x00000014   Code   RO        10028    i.finsh_system_function_init  shell.o
    0x08009f0c   0x0000009c   Code   RO        10029    i.finsh_system_init  shell.o
    0x08009fa8   0x000004f0   Code   RO        10031    i.finsh_thread_entry  shell.o
    0x0800a498   0x00000026   Code   RO         2805    i.flash_page_read   zf_flash.o
    0x0800a4be   0x00000002   PAD
    0x0800a4c0   0x00000068   Code   RO         2525    i.get_config        seekfree_mt9v03x.o
    0x0800a528   0x00000074   Code   RO         2164    i.get_icm20602_accdata_spi  seekfree_icm20602.o
    0x0800a59c   0x00000078   Code   RO         2166    i.get_icm20602_gyro_spi  seekfree_icm20602.o
    0x0800a614   0x00000024   Code   RO         2871    i.gpio_get          zf_gpio.o
    0x0800a638   0x0000014c   Code   RO         2872    i.gpio_init         zf_gpio.o
    0x0800a784   0x00000048   Code   RO         2873    i.gpio_set          zf_gpio.o
    0x0800a7cc   0x0000005c   Code   RO         2874    i.gpio_toggle       zf_gpio.o
    0x0800a828   0x00000080   Code   RO         8939    i.hard_fault_track  cpuport.o
    0x0800a8a8   0x00000020   Code   RO         8999    i.hello             cmd.o
    0x0800a8c8   0x0000009c   Code   RO         2168    i.icm20602_init_spi  seekfree_icm20602.o
    0x0800a964   0x00000020   Code   RO         2170    i.icm20602_self3_check  seekfree_icm20602.o
    0x0800a984   0x0000004c   Code   RO         2171    i.icm_spi_r_reg_byte  seekfree_icm20602.o
    0x0800a9d0   0x00000038   Code   RO         2172    i.icm_spi_r_reg_bytes  seekfree_icm20602.o
    0x0800aa08   0x00000040   Code   RO         2173    i.icm_spi_w_reg_byte  seekfree_icm20602.o
    0x0800aa48   0x00000092   Code   RO         2373    i.ips114_DrawXLine  seekfree_ips114_spi.o
    0x0800aada   0x00000030   Code   RO         2375    i.ips114_clear      seekfree_ips114_spi.o
    0x0800ab0a   0x0000008c   Code   RO         2378    i.ips114_displayimage032  seekfree_ips114_spi.o
    0x0800ab96   0x00000030   Code   RO         2381    i.ips114_drawpoint  seekfree_ips114_spi.o
    0x0800abc6   0x00000002   PAD
    0x0800abc8   0x00000208   Code   RO         2382    i.ips114_init       seekfree_ips114_spi.o
    0x0800add0   0x0000004a   Code   RO         2383    i.ips114_set_region  seekfree_ips114_spi.o
    0x0800ae1a   0x00000002   PAD
    0x0800ae1c   0x00000078   Code   RO         2384    i.ips114_showchar   seekfree_ips114_spi.o
    0x0800ae94   0x000000c0   Code   RO         2385    i.ips114_showfloat  seekfree_ips114_spi.o
    0x0800af54   0x000000c2   Code   RO         2386    i.ips114_showint16  seekfree_ips114_spi.o
    0x0800b016   0x00000092   Code   RO         2388    i.ips114_showint8   seekfree_ips114_spi.o
    0x0800b0a8   0x00000034   Code   RO         2389    i.ips114_showstr    seekfree_ips114_spi.o
    0x0800b0dc   0x00000094   Code   RO         2390    i.ips114_showuint16  seekfree_ips114_spi.o
    0x0800b170   0x00000064   Code   RO         2391    i.ips114_showuint8  seekfree_ips114_spi.o
    0x0800b1d4   0x00000044   Code   RO         2392    i.ips114_writeData  seekfree_ips114_spi.o
    0x0800b218   0x00000044   Code   RO         2393    i.ips114_writeIndex  seekfree_ips114_spi.o
    0x0800b25c   0x00000054   Code   RO         2394    i.ips114_writedata_16bit  seekfree_ips114_spi.o
    0x0800b2b0   0x00000068   Code   RO         9000    i.list              cmd.o
    0x0800b318   0x00000144   Code   RO         9001    i.list_event        cmd.o
    0x0800b45c   0x0000002a   Code   RO         9002    i.list_find_init    cmd.o
    0x0800b486   0x00000088   Code   RO         9003    i.list_get_next     cmd.o
    0x0800b50e   0x00000002   PAD
    0x0800b510   0x0000015c   Code   RO         9004    i.list_mailbox      cmd.o
    0x0800b66c   0x00000120   Code   RO         9005    i.list_memheap      cmd.o
    0x0800b78c   0x00000174   Code   RO         9006    i.list_mempool      cmd.o
    0x0800b900   0x00000144   Code   RO         9007    i.list_msgqueue     cmd.o
    0x0800ba44   0x0000010c   Code   RO         9008    i.list_mutex        cmd.o
    0x0800bb50   0x00000138   Code   RO         9009    i.list_sem          cmd.o
    0x0800bc88   0x000001e4   Code   RO         9010    i.list_thread       cmd.o
    0x0800be6c   0x00000160   Code   RO         9011    i.list_timer        cmd.o
    0x0800bfcc   0x0000028c   Code   RO         1776    i.lq_sobelAutoThreshold  lq_camera.o
    0x0800c258   0x000000e4   Code   RO         1043    i.main              main.o
    0x0800c33c   0x0000000e   Code   RO         7647    i.main_thread_entry  components.o
    0x0800c34a   0x00000002   PAD
    0x0800c34c   0x000000e8   Code   RO         8940    i.mem_manage_fault_track  cpuport.o
    0x0800c434   0x000000a0   Code   RO         9945    i.msh_auto_complete  msh.o
    0x0800c4d4   0x0000006c   Code   RO         9946    i.msh_exec          msh.o
    0x0800c540   0x0000005c   Code   RO         9947    i.msh_get_cmd       msh.o
    0x0800c59c   0x00000080   Code   RO         9948    i.msh_help          msh.o
    0x0800c61c   0x00000004   Code   RO         9949    i.msh_is_used       msh.o
    0x0800c620   0x000000f0   Code   RO         9950    i.msh_split         msh.o
    0x0800c710   0x00000020   Code   RO         2527    i.mt9v03x_dma       seekfree_mt9v03x.o
    0x0800c730   0x00000050   Code   RO         2528    i.mt9v03x_dma_init  seekfree_mt9v03x.o
    0x0800c780   0x00000028   Code   RO         2529    i.mt9v03x_exti_init  seekfree_mt9v03x.o
    0x0800c7a8   0x0000007c   Code   RO         2530    i.mt9v03x_init      seekfree_mt9v03x.o
    0x0800c824   0x0000000e   Code   RO         2531    i.mt9v03x_tim1_etr_init  seekfree_mt9v03x.o
    0x0800c832   0x00000002   PAD
    0x0800c834   0x00000054   Code   RO         2532    i.mt9v03x_uart_callback  seekfree_mt9v03x.o
    0x0800c888   0x00000018   Code   RO         2533    i.mt9v03x_vsync     seekfree_mt9v03x.o
    0x0800c8a0   0x00000078   Code   RO         2174    i.my_sqrt           seekfree_icm20602.o
    0x0800c918   0x00000088   Code   RO        10209    i.number_conversion_ascii  seekfree_printf.o
    0x0800c9a0   0x00000024   Code   RO        10136    i.nvic_init         common.o
    0x0800c9c4   0x0000001c   Code   RO         9012    i.object_split      cmd.o
    0x0800c9e0   0x00000064   Code   RO         2016    i.ov7725_sccb_waitack  seekfree_7725.o
    0x0800ca44   0x00000070   Code   RO         2017    i.ov7725_send_ch    seekfree_7725.o
    0x0800cab4   0x00000018   Code   RO         2018    i.ov7725_simiic_delay  seekfree_7725.o
    0x0800cacc   0x00000050   Code   RO         2022    i.ov7725_simiic_start  seekfree_7725.o
    0x0800cb1c   0x00000054   Code   RO         2023    i.ov7725_simiic_stop  seekfree_7725.o
    0x0800cb70   0x0000002a   Code   RO         2024    i.ov7725_simiic_write_reg  seekfree_7725.o
    0x0800cb9a   0x00000002   PAD
    0x0800cb9c   0x00000198   Code   RO         8097    i.print_number      kservice.o
    0x0800cd34   0x00000022   Code   RO        10210    i.printf_reverse_order  seekfree_printf.o
    0x0800cd56   0x00000002   PAD
    0x0800cd58   0x000000d8   Code   RO         2978    i.pwm_duty_updata   zf_pwm.o
    0x0800ce30   0x000002b0   Code   RO         2980    i.pwm_init          zf_pwm.o
    0x0800d0e0   0x00000014   Code   RO         2981    i.pwm_pin_init      zf_pwm.o
    0x0800d0f4   0x00000016   Code   RO            9    i.range_protect     all_init.o
    0x0800d10a   0x00000028   Code   RO           10    i.range_protect_float  all_init.o
    0x0800d132   0x00000002   PAD
    0x0800d134   0x00000050   Code   RO         7648    i.rt_application_init  components.o
    0x0800d184   0x00000074   Code   RO         8098    i.rt_assert_handler  kservice.o
    0x0800d1f8   0x00000026   Code   RO         8293    i.rt_calloc         memheap.o
    0x0800d21e   0x00000002   PAD
    0x0800d220   0x0000001c   Code   RO         7649    i.rt_components_board_init  components.o
    0x0800d23c   0x0000001c   Code   RO         7650    i.rt_components_init  components.o
    0x0800d258   0x00000020   Code   RO         8554    i.rt_enter_critical  scheduler.o
    0x0800d278   0x00000044   Code   RO         8555    i.rt_exit_critical  scheduler.o
    0x0800d2bc   0x0000000c   Code   RO         8294    i.rt_free           memheap.o
    0x0800d2c8   0x00000050   Code   RO         1938    i.rt_hw_board_init  board.o
    0x0800d318   0x00000070   Code   RO         1939    i.rt_hw_console_getchar  board.o
    0x0800d388   0x00000038   Code   RO         1940    i.rt_hw_console_output  board.o
    0x0800d3c0   0x00000208   Code   RO         8944    i.rt_hw_hard_fault_exception  cpuport.o
    0x0800d5c8   0x0000004c   Code   RO         8945    i.rt_hw_stack_init  cpuport.o
    0x0800d614   0x00000038   Code   RO         8056    i.rt_interrupt_enter  irq.o
    0x0800d64c   0x0000001c   Code   RO         8058    i.rt_interrupt_get_nest  irq.o
    0x0800d668   0x00000038   Code   RO         8059    i.rt_interrupt_leave  irq.o
    0x0800d6a0   0x00000018   Code   RO         7782    i.rt_ipc_list_resume  ipc.o
    0x0800d6b8   0x0000006e   Code   RO         7784    i.rt_ipc_list_suspend  ipc.o
    0x0800d726   0x00000010   Code   RO         7785    i.rt_ipc_object_init  ipc.o
    0x0800d736   0x00000002   PAD
    0x0800d738   0x00000030   Code   RO         8103    i.rt_kprintf        kservice.o
    0x0800d768   0x00000006   Code   RO         7786    i.rt_list_init      ipc.o
    0x0800d76e   0x00000006   Code   RO         8556    i.rt_list_init      scheduler.o
    0x0800d774   0x00000006   Code   RO         8803    i.rt_list_init      timer.o
    0x0800d77a   0x0000000e   Code   RO         8438    i.rt_list_insert_after  object.o
    0x0800d788   0x0000000e   Code   RO         8649    i.rt_list_insert_after  thread.o
    0x0800d796   0x0000000e   Code   RO         8804    i.rt_list_insert_after  timer.o
    0x0800d7a4   0x0000000e   Code   RO         7787    i.rt_list_insert_before  ipc.o
    0x0800d7b2   0x00000010   Code   RO         7788    i.rt_list_isempty   ipc.o
    0x0800d7c2   0x00000010   Code   RO         8805    i.rt_list_isempty   timer.o
    0x0800d7d2   0x00000010   Code   RO         9013    i.rt_list_isempty   cmd.o
    0x0800d7e2   0x00000014   Code   RO         9014    i.rt_list_len       cmd.o
    0x0800d7f6   0x00000012   Code   RO         8439    i.rt_list_remove    object.o
    0x0800d808   0x00000012   Code   RO         8650    i.rt_list_remove    thread.o
    0x0800d81a   0x00000012   Code   RO         8806    i.rt_list_remove    timer.o
    0x0800d82c   0x000000ec   Code   RO         8295    i.rt_malloc         memheap.o
    0x0800d918   0x000000ac   Code   RO         7790    i.rt_mb_create      ipc.o
    0x0800d9c4   0x000001a0   Code   RO         8296    i.rt_memheap_alloc  memheap.o
    0x0800db64   0x00000220   Code   RO         8298    i.rt_memheap_free   memheap.o
    0x0800dd84   0x000000cc   Code   RO         8299    i.rt_memheap_init   memheap.o
    0x0800de50   0x00000042   Code   RO         8108    i.rt_memmove        kservice.o
    0x0800de92   0x0000004a   Code   RO         8109    i.rt_memset         kservice.o
    0x0800dedc   0x000000ec   Code   RO         8440    i.rt_object_allocate  object.o
    0x0800dfc8   0x000000a0   Code   RO         8442    i.rt_object_delete  object.o
    0x0800e068   0x0000005c   Code   RO         8443    i.rt_object_detach  object.o
    0x0800e0c4   0x00000028   Code   RO         8446    i.rt_object_get_information  object.o
    0x0800e0ec   0x00000034   Code   RO         8449    i.rt_object_get_type  object.o
    0x0800e120   0x000000bc   Code   RO         8450    i.rt_object_init    object.o
    0x0800e1dc   0x0000003c   Code   RO         8451    i.rt_object_is_systemobject  object.o
    0x0800e218   0x00000144   Code   RO         8557    i.rt_schedule       scheduler.o
    0x0800e35c   0x0000009c   Code   RO         8558    i.rt_schedule_insert_thread  scheduler.o
    0x0800e3f8   0x00000080   Code   RO         8559    i.rt_schedule_remove_thread  scheduler.o
    0x0800e478   0x0000006c   Code   RO         7817    i.rt_sem_init       ipc.o
    0x0800e4e4   0x000000a8   Code   RO         7818    i.rt_sem_release    ipc.o
    0x0800e58c   0x000001a4   Code   RO         7819    i.rt_sem_take       ipc.o
    0x0800e730   0x00000028   Code   RO         8110    i.rt_set_errno      kservice.o
    0x0800e758   0x000000b0   Code   RO         8111    i.rt_show_version   kservice.o
    0x0800e808   0x00000022   Code   RO         8113    i.rt_sprintf        kservice.o
    0x0800e82a   0x00000012   Code   RO         8117    i.rt_strlen         kservice.o
    0x0800e83c   0x00000034   Code   RO         8119    i.rt_strncpy        kservice.o
    0x0800e870   0x00000020   Code   RO         8303    i.rt_system_heap_init  memheap.o
    0x0800e890   0x00000040   Code   RO         8561    i.rt_system_scheduler_init  scheduler.o
    0x0800e8d0   0x00000028   Code   RO         8562    i.rt_system_scheduler_start  scheduler.o
    0x0800e8f8   0x0000001c   Code   RO         8807    i.rt_system_timer_init  timer.o
    0x0800e914   0x00000002   Code   RO         8808    i.rt_system_timer_thread_init  timer.o
    0x0800e916   0x00000050   Code   RO         8652    i.rt_thread_create  thread.o
    0x0800e966   0x00000002   PAD
    0x0800e968   0x00000054   Code   RO         8657    i.rt_thread_exit    thread.o
    0x0800e9bc   0x00000028   Code   RO         7728    i.rt_thread_idle_entry  idle.o
    0x0800e9e4   0x000000b8   Code   RO         7729    i.rt_thread_idle_excute  idle.o
    0x0800ea9c   0x00000060   Code   RO         7731    i.rt_thread_idle_init  idle.o
    0x0800eafc   0x00000080   Code   RO         8659    i.rt_thread_init    thread.o
    0x0800eb7c   0x00000014   Code   RO         8661    i.rt_thread_mdelay  thread.o
    0x0800eb90   0x0000009c   Code   RO         8662    i.rt_thread_resume  thread.o
    0x0800ec2c   0x0000000c   Code   RO         8664    i.rt_thread_self    thread.o
    0x0800ec38   0x00000080   Code   RO         8665    i.rt_thread_sleep   thread.o
    0x0800ecb8   0x000000c4   Code   RO         8666    i.rt_thread_startup  thread.o
    0x0800ed7c   0x000000dc   Code   RO         8667    i.rt_thread_suspend  thread.o
    0x0800ee58   0x000000b4   Code   RO         8669    i.rt_thread_timeout  thread.o
    0x0800ef0c   0x00000038   Code   RO         7605    i.rt_tick_from_millisecond  clock.o
    0x0800ef44   0x0000000c   Code   RO         7606    i.rt_tick_get       clock.o
    0x0800ef50   0x0000003c   Code   RO         7608    i.rt_tick_increase  clock.o
    0x0800ef8c   0x000000e0   Code   RO         8809    i.rt_timer_check    timer.o
    0x0800f06c   0x000000dc   Code   RO         8810    i.rt_timer_control  timer.o
    0x0800f148   0x000000dc   Code   RO         8813    i.rt_timer_detach   timer.o
    0x0800f224   0x00000054   Code   RO         8816    i.rt_timer_init     timer.o
    0x0800f278   0x000001b4   Code   RO         8819    i.rt_timer_start    timer.o
    0x0800f42c   0x000000c0   Code   RO         8820    i.rt_timer_stop     timer.o
    0x0800f4ec   0x00000338   Code   RO         8122    i.rt_vsnprintf      kservice.o
    0x0800f824   0x00000016   Code   RO         8123    i.rt_vsprintf       kservice.o
    0x0800f83a   0x00000004   Code   RO         7651    i.rti_board_end     components.o
    0x0800f83e   0x00000004   Code   RO         7652    i.rti_board_start   components.o
    0x0800f842   0x00000004   Code   RO         7653    i.rti_end           components.o
    0x0800f846   0x00000004   Code   RO         7654    i.rti_start         components.o
    0x0800f84a   0x0000002a   Code   RO         7655    i.rtthread_startup  components.o
    0x0800f874   0x00000098   Code   RO         1604    i.rubo_PID          pid.o
    0x0800f90c   0x00000078   Code   RO         2535    i.set_config        seekfree_mt9v03x.o
    0x0800f984   0x00000038   Code   RO        10032    i.shell_auto_complete  shell.o
    0x0800f9bc   0x00000030   Code   RO        10033    i.shell_handle_history  shell.o
    0x0800f9ec   0x000000d8   Code   RO        10034    i.shell_push_history  shell.o
    0x0800fac4   0x00000030   Code   RO         9015    i.show_wait_queue   cmd.o
    0x0800faf4   0x0000002a   Code   RO         8124    i.skip_atoi         kservice.o
    0x0800fb1e   0x00000002   PAD
    0x0800fb20   0x000001c0   Code   RO         3027    i.spi_init          zf_spi.o
    0x0800fce0   0x00000050   Code   RO         3028    i.spi_mosi          zf_spi.o
    0x0800fd30   0x00000058   Code   RO         3029    i.spi_pin_init      zf_spi.o
    0x0800fd88   0x0000004c   Code   RO        10312    i.sqrt              m_ws.l(sqrt.o)
    0x0800fdd4   0x00000024   Code   RO         9951    i.str_common        msh.o
    0x0800fdf8   0x00000034   Code   RO         1941    i.systick_config    board.o
    0x0800fe2c   0x0000000c   Code   RO         3069    i.systick_delay_ms  zf_systick.o
    0x0800fe38   0x00000154   Code   RO         3246    i.tim_counter_init  zf_tim.o
    0x0800ff8c   0x00000014   Code   RO         3247    i.tim_counter_pin_init  zf_tim.o
    0x0800ffa0   0x00000014   Code   RO         3248    i.tim_counter_rst   zf_tim.o
    0x0800ffb4   0x00000018   Code   RO         3249    i.tim_encoder_get_count  zf_tim.o
    0x0800ffcc   0x000000e4   Code   RO         2933    i.tim_interrupt_init_us  zf_pit.o
    0x080100b0   0x00000024   Code   RO         3316    i.uart_getchar      zf_uart.o
    0x080100d4   0x00000194   Code   RO         3317    i.uart_init         zf_uart.o
    0x08010268   0x0000001c   Code   RO         1942    i.uart_interrupt_handler  board.o
    0x08010284   0x00000024   Code   RO         3318    i.uart_pin_init     zf_uart.o
    0x080102a8   0x00000030   Code   RO         3319    i.uart_putbuff      zf_uart.o
    0x080102d8   0x0000004c   Code   RO         3323    i.uart_rx_irq       zf_uart.o
    0x08010324   0x000000e8   Code   RO         8946    i.usage_fault_track  cpuport.o
    0x0801040c   0x0000000a   Code   RO         9016    i.version           cmd.o
    0x08010416   0x00000002   PAD
    0x08010418   0x000002e4   Code   RO        10211    i.zf_sprintf        seekfree_printf.o
    0x080106fc   0x0000000c   Data   RO          466    .constdata          devices.o
    0x08010708   0x00000036   Data   RO          727    .constdata          communicate.o
    0x0801073e   0x00000027   Data   RO         1146    .constdata          control.o
    0x08010765   0x000001ad   Data   RO         1431    .constdata          display.o
    0x08010912   0x000005f0   Data   RO         2132    .constdata          seekfree_font.o
    0x08010f02   0x00000014   Data   RO         7656    .constdata          components.o
    0x08010f16   0x00000016   Data   RO         7734    .constdata          idle.o
    0x08010f2c   0x000001fc   Data   RO         7821    .constdata          ipc.o
    0x08011128   0x00000122   Data   RO         8126    .constdata          kservice.o
    0x0801124a   0x00000060   Data   RO         8305    .constdata          memheap.o
    0x080112aa   0x00000080   Data   RO         8455    .constdata          object.o
    0x0801132a   0x0000004e   Data   RO         8564    .constdata          scheduler.o
    0x08011378   0x000000c0   Data   RO         8671    .constdata          thread.o
    0x08011438   0x0000005c   Data   RO         8821    .constdata          timer.o
    0x08011494   0x0000000e   Data   RO         9952    .constdata          msh.o
    0x080114a2   0x0000004a   Data   RO        10036    .constdata          shell.o
    0x080114ec   0x00000004   PAD
    0x080114f0   0x00000050   Data   RO        10303    .constdata          m_ws.l(asin.o)
    0x08011540   0x00000045   Data   RO         7822    .conststring        ipc.o
    0x08011585   0x00000003   PAD
    0x08011588   0x00000042   Data   RO         8672    .conststring        thread.o
    0x080115ca   0x00000002   PAD
    0x080115cc   0x00000044   Data   RO         9017    .conststring        cmd.o
    0x08011610   0x00000381   Data   RO         9018    .rodata.name        cmd.o
    0x08011991   0x00000076   Data   RO         9953    .rodata.name        msh.o
    0x08011a07   0x00000001   PAD
    0x08011a08   0x00000004   Data   RO         7657    .rti_fn.0           components.o
    0x08011a0c   0x00000004   Data   RO         7658    .rti_fn.0.end       components.o
    0x08011a10   0x00000004   Data   RO         7659    .rti_fn.1.end       components.o
    0x08011a14   0x00000004   Data   RO        10038    .rti_fn.6           shell.o
    0x08011a18   0x00000004   Data   RO         7660    .rti_fn.6.end       components.o
    0x08011a1c   0x00000120   Data   RO         9019    FSymTab             cmd.o
    0x08011b3c   0x00000024   Data   RO         9954    FSymTab             msh.o
    0x08011b60   0x00000020   Data   RO        10476    Region$$Table       anon$$obj.o


    Execution Region RW_IRAM1 (Base: 0x20000000, Size: 0x00016768, Max: 0x00020000, ABSOLUTE, COMPRESSED[0x00000288])

    Base Addr    Size         Type   Attr      Idx    E Section Name        Object

    0x20000000   0x00000017   Data   RW          467    .data               devices.o
    0x20000017   0x00000001   PAD
    0x20000018   0x0000000d   Data   RW          641    .data               ano_dt.o
    0x20000025   0x0000000b   Data   RW          728    .data               communicate.o
    0x20000030   0x00000048   Data   RW          783    .data               app_filter.o
    0x20000078   0x00000001   Data   RW          849    .data               isr.o
    0x20000079   0x00000002   Data   RW         1044    .data               main.o
    0x2000007b   0x00000005   PAD
    0x20000080   0x0000007b   Data   RW         1147    .data               control.o
    0x200000fb   0x00000001   PAD
    0x200000fc   0x000000f4   Data   RW         1235    .data               cam.o
    0x200001f0   0x00000009   Data   RW         1432    .data               display.o
    0x200001f9   0x00000003   PAD
    0x200001fc   0x000001fc   Data   RW         1606    .data               pid.o
    0x200003f8   0x00000024   Data   RW         1705    .data               elc.o
    0x2000041c   0x0000000c   Data   RW         1778    .data               lq_camera.o
    0x20000428   0x00000007   Data   RW         1943    .data               board.o
    0x2000042f   0x00000001   PAD
    0x20000430   0x00000006   Data   RW         2028    .data               seekfree_7725.o
    0x20000436   0x00000002   PAD
    0x20000438   0x00000040   Data   RW         2176    .data               seekfree_icm20602.o
    0x20000478   0x00000004   Data   RW         2395    .data               seekfree_ips114_spi.o
    0x2000047c   0x0000004a   Data   RW         2539    .data               seekfree_mt9v03x.o
    0x200004c6   0x00000002   PAD
    0x200004c8   0x0000000f   Data   RW         2675    .data               zf_adc.o
    0x200004d7   0x00000001   PAD
    0x200004d8   0x00000020   Data   RW         2875    .data               zf_gpio.o
    0x200004f8   0x00000004   Data   RW         2982    .data               zf_pwm.o
    0x200004fc   0x0000000c   Data   RW         3030    .data               zf_spi.o
    0x20000508   0x00000020   Data   RW         3253    .data               zf_tim.o
    0x20000528   0x00000028   Data   RW         3325    .data               zf_uart.o
    0x20000550   0x00000004   Data   RW         7610    .data               clock.o
    0x20000554   0x00000009   Data   RW         8061    .data               irq.o
    0x2000055d   0x00000003   PAD
    0x20000560   0x00000008   Data   RW         8127    .data               kservice.o
    0x20000568   0x000000a4   Data   RW         8456    .data               object.o
    0x2000060c   0x0000001c   Data   RW         8565    .data               scheduler.o
    0x20000628   0x0000000c   Data   RW         8673    .data               thread.o
    0x20000634   0x00000014   Data   RW         8822    .data               timer.o
    0x20000648   0x00000010   Data   RW         8948    .data               cpuport.o
    0x20000658   0x00000018   Data   RW        10037    .data               shell.o
    0x20000670   0x00000008   Data   RW        10139    .data               common.o
    0x20000678   0x00000014   Data   RW        10254    .data               system_mm32f327x.o
    0x2000068c   0x00000004   Data   RW        10427    .data               mc_w.l(errno.o)
    0x20000690   0x00000048   Zero   RW          465    .bss                devices.o
    0x200006d8   0x000007bc   Zero   RW          585    .bss                myflash.o
    0x20000e94   0x0000022d   Zero   RW          640    .bss                ano_dt.o
    0x200010c1   0x00000003   PAD
    0x200010c4   0x00000014   Zero   RW          726    .bss                communicate.o
    0x200010d8   0x00000068   Zero   RW         1145    .bss                control.o
    0x20001140   0x000007c8   Zero   RW         1234    .bss                cam.o
    0x20001908   0x00000110   Zero   RW         1605    .bss                pid.o
    0x20001a18   0x00000088   Zero   RW         1704    .bss                elc.o
    0x20001aa0   0x0000ba90   Zero   RW         1777    .bss                lq_camera.o
    0x2000d530   0x000030c0   Zero   RW         2027    .bss                seekfree_7725.o
    0x200105f0   0x00000180   Zero   RW         2175    .bss                seekfree_icm20602.o
    0x20010770   0x00003c00   Zero   RW         2538    .bss                seekfree_mt9v03x.o
    0x20014370   0x00000190   Zero   RW         7733    .bss                idle.o
    0x20014500   0x00000080   Zero   RW         8125    .bss                kservice.o
    0x20014580   0x00000064   Zero   RW         8304    .bss                memheap.o
    0x200145e4   0x00000100   Zero   RW         8563    .bss                scheduler.o
    0x200146e4   0x00000081   Zero   RW        10035    .bss                shell.o
    0x20014765   0x00000003   PAD
    0x20014768   0x00002000   Zero   RW        10294    STACK               startup_mm32f327x_keil.o


==============================================================================

Image component sizes


      Code (inc. data)   RO Data    RW Data    ZI Data      Debug   Object Name

       624        166          0          0          0     144938   all_init.o
       688         58          0         13        557       5873   ano_dt.o
        90          0          0         72          0       1807   app_filter.o
       412         64          0          7          0      32057   board.o
      9250        496          0        244       1992      18431   cam.o
       128         12          0          4          0       2008   clock.o
      3528       1262       1253          0          0      24425   cmd.o
        60          0          0          8          0       6886   common.o
       560         70         54         11         20       3253   communicate.o
       218         50         36          0          0       6612   components.o
       244         28          0          0          0        860   context_rvds.o
      1716        296         39        123        104       8626   control.o
      1440        724          0         16          0       6018   cpuport.o
      2852        282         12         23         72       8877   devices.o
      6860        896        429          9          0      20698   display.o
      1720        252          0         36        136       5352   elc.o
       344         34          0          0          0       9184   hal_dma.o
       336         20          0          0          0       5704   hal_exti.o
       108         12          0          0          0       1104   hal_misc.o
        96         18          0          0          0       1898   hal_rcc.o
       272         22          0          0          0      12787   hal_tim.o
        36          0          0          0          0       4263   hal_uart.o
       320         78         22          0        400       5846   idle.o
      1054        250        577          0          0      37172   ipc.o
       140         26          0          9          0       2562   irq.o
      1178        112          0          1          0      16612   isr.o
      1996        230        290          8        128      13146   kservice.o
      1308         36          0         12      47760       7527   lq_camera.o
       228         36          0          2          0       9574   main.o
      1482        476         96          0        100       9036   memheap.o
       948        180        168          0          0      10212   msh.o
       748         50          0          0       1980       2260   myflash.o
       860        284        128        164          0      11350   object.o
       622         42          0        508        272       7626   pid.o
      1054        250         78         28        256      10870   scheduler.o
       456         24          0          6      12480       5421   seekfree_7725.o
         0          0       1520          0          0        724   seekfree_font.o
      4856        330          0         64        384      16672   seekfree_icm20602.o
      2148         46          0          4          0      13059   seekfree_ips114_spi.o
       622         86          0         74      15360       6702   seekfree_mt9v03x.o
       910          4          0          0          0       4066   seekfree_printf.o
      1956        196         78         24        129      14286   shell.o
        36          8        400          0       8192        924   startup_mm32f327x_keil.o
       816         60          0         20          0       4528   system_mm32f327x.o
      1472        410        258         12          0      16954   thread.o
      1554        490         92         20          0      20223   timer.o
       390         22          0         15          0       4084   zf_adc.o
       536         16          0          0          0       2088   zf_camera.o
       212          6          0          0          0        934   zf_exti.o
        38          0          0          0          0       1174   zf_flash.o
       760         34          0         32          0       5281   zf_gpio.o
       228         16          0          0          0        984   zf_pit.o
       924         36          0          4          0       2688   zf_pwm.o
       616         18          0         12          0       4426   zf_spi.o
        12          0          0          0          0      12256   zf_systick.o
       404         18          0         32          0       4113   zf_tim.o
       600         42          0         40          0       5366   zf_uart.o

    ----------------------------------------------------------------------
     63114       8674       5572       1676      90328     622407   Object Totals
         0          0         32          0          0          0   (incl. Generated)
        48          0         10         19          6          0   (incl. Padding)

    ----------------------------------------------------------------------

      Code (inc. data)   RO Data    RW Data    ZI Data      Debug   Library Member Name

       624         52         80          0          0        168   asin.o
        34          6          0          0          0        204   dunder.o
        40          0          0          0          0         68   fpclassify.o
       170          0          0          0          0         96   poly.o
        76          0          0          0          0         84   sqrt.o
        86          0          0          0          0          0   __dczerorl2.o
         0          0          0          0          0          0   entry.o
         0          0          0          0          0          0   entry10a.o
         0          0          0          0          0          0   entry11a.o
         8          4          0          0          0          0   entry2.o
         4          0          0          0          0          0   entry5.o
         0          0          0          0          0          0   entry7b.o
         0          0          0          0          0          0   entry8b.o
         8          4          0          0          0          0   entry9a.o
        12          6          0          4          0         68   errno.o
        30          0          0          0          0          0   handlers.o
        36          8          0          0          0         68   init.o
         0          0          0          0          0          0   iusefp.o
        98          0          0          0          0         84   ldiv.o
        30          0          0          0          0         68   llshl.o
        36          0          0          0          0         68   llsshr.o
        32          0          0          0          0         68   llushr.o
        26          0          0          0          0         80   memcmp.o
        36          0          0          0          0         68   memcpya.o
        36          0          0          0          0        108   memseta.o
        24          0          0          0          0         68   strcat.o
        18          0          0          0          0         68   strcpy.o
        14          0          0          0          0         68   strlen.o
        30          0          0          0          0         80   strncmp.o
        24          0          0          0          0         76   strncpy.o
        98          0          0          0          0         92   uldiv.o
        48          0          0          0          0         68   cdcmple.o
        48          0          0          0          0         68   cdrcmple.o
        20          0          0          0          0         68   cfcmple.o
        20          0          0          0          0         68   cfrcmple.o
        56          0          0          0          0         88   d2f.o
       334          0          0          0          0        148   dadd.o
       222          0          0          0          0        100   ddiv.o
       186          0          0          0          0        176   depilogue.o
        62          0          0          0          0         80   dfixi.o
        34          0          0          0          0         76   dflti.o
       228          0          0          0          0         96   dmul.o
        46          0          0          0          0         80   dscalb.o
       162          0          0          0          0        100   dsqrt.o
        38          0          0          0          0         68   f2d.o
       176          0          0          0          0        140   fadd.o
       124          0          0          0          0         88   fdiv.o
       110          0          0          0          0        168   fepilogue.o
        50          0          0          0          0         68   ffixi.o
        40          0          0          0          0         68   ffixui.o
        18          0          0          0          0         68   fflti.o
        44          0          0          0          0         92   ffltl.o
        10          0          0          0          0         68   ffltui.o
       100          0          0          0          0         76   fmul.o

    ----------------------------------------------------------------------
      3810         80         80          4          0       3872   Library Totals
         4          0          0          0          0          0   (incl. Padding)

    ----------------------------------------------------------------------

      Code (inc. data)   RO Data    RW Data    ZI Data      Debug   Library Name

       944         58         80          0          0        620   m_ws.l
       686         22          0          4          0       1132   mc_w.l
      2176          0          0          0          0       2120   mf_w.l

    ----------------------------------------------------------------------
      3810         80         80          4          0       3872   Library Totals

    ----------------------------------------------------------------------

==============================================================================


      Code (inc. data)   RO Data    RW Data    ZI Data      Debug   

     66924       8754       5652       1680      90328     604775   Grand Totals
     66924       8754       5652        648      90328     604775   ELF Image Totals (compressed)
     66924       8754       5652        648          0          0   ROM Totals

==============================================================================

    Total RO  Size (Code + RO Data)                72576 (  70.88kB)
    Total RW  Size (RW Data + ZI Data)             92008 (  89.85kB)
    Total ROM Size (Code + RO Data + RW Data)      73224 (  71.51kB)

==============================================================================

